// Jest Snapshot v1, https://goo.gl/fbAQLP

exports[`should render EditExpensePage 1`] = `
<div>
  <ExpenseForm
    expense={
      Object {
        "amount": 400,
        "createdAt": 14,
        "description": "Test one desc",
        "id": "124",
        "note": "Test one note",
      }
    }
    onSubmit={[Function]}
  />
  <button
    onClick={[Function]}
    type="button"
  >
    Delete
  </button>
</div>
`;
